// Jest Snapshot v1, https://goo.gl/fbAQLP

exports[`Heading should match snapshot 1`] = `
<span
  className="heading heading--medium heading--align-unset heading--ellipsis color-navy700 e1q9f2xp6 css-l4muhg"
  style={Object {}}
>
  A medium sized header
</span>
`;
