// Jest Snapshot v1, https://goo.gl/fbAQLP

exports[`Input should render shallow component ok 1`] = `
<div
  className="ui-field-row e1q9f2xp6 css-150a2en"
  style={Object {}}
>
  <div
    className="ui-field ui-field--legacy e1q9f2xp6 css-6smw74"
    onClick={undefined}
    style={Object {}}
  >
    <div
      className="e1q9f2xp0 css-1dvaom5"
      style={Object {}}
    >
      <label
        className="ui-field-label e1q9f2xp6 css-4or71o"
        htmlFor={undefined}
        style={Object {}}
        title={undefined}
      >
        Project name
      </label>
    </div>
    <div
      className="ui-input-container ui-input-container--margin-none"
    >
      <input
        className="ui-input ui-input--medium"
        defaultValue={undefined}
        disabled={false}
        name="My first project"
        onBlur={[Function]}
        onChange={[Function]}
        onFocus={[Function]}
        placeholder="My first project"
        readOnly={false}
        style={
          Object {
            "width": undefined,
          }
        }
        value={undefined}
      />
    </div>
  </div>
  <div
    className="ui-field ui-field--legacy e1q9f2xp6 css-6smw74"
    onClick={undefined}
    style={Object {}}
  >
    <div
      className="e1q9f2xp0 css-1dvaom5"
      style={Object {}}
    >
      <label
        className="ui-field-label e1q9f2xp6 css-4or71o"
        htmlFor={undefined}
        style={Object {}}
        title={undefined}
      >
        Task name
      </label>
    </div>
    <div
      className="ui-input-container ui-input-container--margin-none"
    >
      <input
        className="ui-input ui-input--medium"
        defaultValue={undefined}
        disabled={false}
        name="My first task"
        onBlur={[Function]}
        onChange={[Function]}
        onFocus={[Function]}
        placeholder="My first task"
        readOnly={false}
        style={
          Object {
            "width": undefined,
          }
        }
        value={undefined}
      />
    </div>
  </div>
</div>
`;
