// Jest Snapshot v1, https://goo.gl/fbAQLP

exports[`Input should render shallow component ok 1`] = `
<fieldset
  className="e102tui80 css-1ne5kij"
  name={undefined}
  onClick={undefined}
  style={Object {}}
>
  <div
    className="e1q9f2xp0 css-1um3mzq"
    onClick={undefined}
    style={Object {}}
  >
    <div
      className="e1q9f2xp0 css-jbik9l"
      style={Object {}}
    >
      <div
        className="e1q9f2xp0 css-1ertpse"
        style={Object {}}
      >
        <label
          className="em7k1990 css-1fy220i"
          color="navy600"
          htmlFor={undefined}
          onClick={undefined}
          size="small"
          style={Object {}}
          title={undefined}
        >
          Your name
          <span
            className="e1q9f2xp3 css-a42xn"
            style={Object {}}
          >
            *
          </span>
        </label>
      </div>
      <div
        className="e6fqpax1 css-15tsz50"
        style={Object {}}
      >
        <input
          className="css-1nv6z25 e6fqpax2"
          defaultValue={undefined}
          disabled={false}
          name="Alex"
          onBlur={[Function]}
          onChange={[Function]}
          onFocus={[Function]}
          placeholder="Alex"
          readOnly={false}
          size="medium"
          style={
            Object {
              "width": undefined,
            }
          }
          value={undefined}
        />
      </div>
    </div>
  </div>
</fieldset>
`;
