// Jest Snapshot v1, https://goo.gl/fbAQLP

exports[`Field should render shallow component ok 1`] = `
<div
  className="ui-field ui-field--legacy e1krcyn16 css-0"
  onClick={undefined}
  style={Object {}}
>
  <div
    className="e1krcyn10 css-1dvaom5"
    style={Object {}}
  >
    <label
      className="ui-field-label e1krcyn16 css-4or71o"
      htmlFor={undefined}
      style={Object {}}
      title={undefined}
    >
      My Label
    </label>
  </div>
  <div
    className="ui-input-container ui-input-container--margin-none"
  >
    <input
      className="ui-input ui-input--medium"
      defaultValue={undefined}
      disabled={false}
      name={undefined}
      onBlur={[Function]}
      onChange={[Function]}
      onFocus={[Function]}
      placeholder={undefined}
      readOnly={false}
      style={
        Object {
          "width": undefined,
        }
      }
      value="My Input Value"
    />
  </div>
  <span
    className="ui-field-hint e1krcyn16 css-0"
    style={Object {}}
  >
    My Hint
  </span>
</div>
`;
