// Jest Snapshot v1, https://goo.gl/fbAQLP

exports[`FieldLabel should render shallow component ok 1`] = `
<label
  className="em7k1990 css-bjcoq8"
  color="navy600"
  htmlFor="user-email"
  onClick={undefined}
  size="small"
  style={Object {}}
  title={undefined}
>
  Your email
</label>
`;
