// Jest Snapshot v1, https://goo.gl/fbAQLP

exports[`ToggleButton should render shallow component ok 1`] = `
<div
  className="e1q9f2xp0 css-f9caso"
  id="toggle-button"
  onClick={[Function]}
  style={Object {}}
>
  <div
    className="css-1mfdy6w e1mw9c3b0"
    selected={false}
  >
    <div
      className="css-1csuntb e1mw9c3b1"
      selected={false}
    />
  </div>
</div>
`;
