// Jest Snapshot v1, https://goo.gl/fbAQLP

exports[`Button should render shallow component ok 1`] = `
<button
  className="ui-btn ui-btn--medium ui-btn--tertiary emotion-0 emotion-1"
  data-test="ui-button"
  disabled={false}
  name={undefined}
  onClick={[Function]}
  role="button"
  style={Object {}}
  type={undefined}
>
  <div
    className="ui-btn__react-placeholder-message"
  >
    A tertiary button
  </div>
  <div
    className="ui-btn__react-visible-message"
    name="message"
    title="A tertiary button"
  >
    A tertiary button
  </div>
  <div
    className="ui-btn__react-success-message"
  />
</button>
`;
