// Jest Snapshot v1, https://goo.gl/fbAQLP

exports[`Radio should render shallow component ok 1`] = `
.glamor-2 {
  display: -webkit-box;
  display: -webkit-flex;
  display: -ms-flexbox;
  display: flex;
  -webkit-align-items: center;
  -webkit-box-align: center;
  -ms-flex-align: center;
  align-items: center;
  -webkit-box-pack: start;
  -webkit-justify-content: start;
  -ms-flex-pack: start;
  justify-content: start;
}

.glamor-1 {
  display: -webkit-box;
  display: -webkit-flex;
  display: -ms-flexbox;
  display: flex;
  position: relative;
  -webkit-flex-direction: column;
  -ms-flex-direction: column;
  flex-direction: column;
  -webkit-align-items: stretch;
  -webkit-box-align: stretch;
  -ms-flex-align: stretch;
  align-items: stretch;
  -webkit-flex-shrink: 0;
  -ms-flex-negative: 0;
  flex-shrink: 0;
  -webkit-align-content: flex-start;
  -ms-flex-line-pack: flex-start;
  align-content: flex-start;
  width: 16px;
  height: 16px;
}

.glamor-0 {
  display: inline-block;
  vertical-align: bottom;
  position: absolute;
}

<div
  className="glamor-2 root"
  name={undefined}
  onClick={undefined}
  style={Object {}}
>
  .glamor-1 {
  display: -webkit-box;
  display: -webkit-flex;
  display: -ms-flexbox;
  display: flex;
  position: relative;
  -webkit-flex-direction: column;
  -ms-flex-direction: column;
  flex-direction: column;
  -webkit-align-items: stretch;
  -webkit-box-align: stretch;
  -ms-flex-align: stretch;
  align-items: stretch;
  -webkit-flex-shrink: 0;
  -ms-flex-negative: 0;
  flex-shrink: 0;
  -webkit-align-content: flex-start;
  -ms-flex-line-pack: flex-start;
  align-content: flex-start;
  width: 16px;
  height: 16px;
}

.glamor-0 {
  display: inline-block;
  vertical-align: bottom;
  position: absolute;
}

<div
    className="glamor-1 radio checked"
    style={Object {}}
  >
    .glamor-0 {
  display: inline-block;
  vertical-align: bottom;
  position: absolute;
}

<span>
      .glamor-0 {
  display: inline-block;
  vertical-align: bottom;
  position: absolute;
}

<span
        className="glamor-0 icon"
        style={Object {}}
      />
    </span>
  </div>
</div>
`;
