// Jest Snapshot v1, https://goo.gl/fbAQLP

exports[`H1 should allow weight to be overridden 1`] = `
<h1
  className="heading heading--extra-large heading--align-unset heading--ellipsis color-navy700 emotion-0 emotion-1"
  style={Object {}}
>
  An H1 Tag
</h1>
`;

exports[`H1 should render shallow component ok 1`] = `
<h1
  className="heading heading--extra-large heading--align-unset heading--ellipsis color-navy700 emotion-0 emotion-1"
  style={Object {}}
>
  An H1 Tag
</h1>
`;
