// Jest Snapshot v1, https://goo.gl/fbAQLP

exports[`Input should render shallow component ok 1`] = `
<textarea
  className="ui-textarea ui-textarea--animate e1q9f2xp6 css-0"
  disabled={undefined}
  onChange={undefined}
  onKeyDown={[Function]}
  onKeyUp={[Function]}
  onScroll={[Function]}
  readOnly={undefined}
  size="medium"
  style={
    Object {
      "height": undefined,
    }
  }
/>
`;
