// Jest Snapshot v1, https://goo.gl/fbAQLP

exports[`FieldValidations should render shallow component ok 1`] = `
<div
  className="css-13brihr ekbdi5w0"
/>
`;
